['__This__', '__is__', '__a__', '__sentence__', '__.__']
